// Jest Snapshot v1, https://goo.gl/fbAQLP

exports[`Pruebas de AddCategory debe hacer match con el snapshot 1`] = `
<div>
  <form
    aria-label="form"
  >
    <input
      placeholder="Buscar gifs"
      type="text"
      value="A new Category this is"
    />
  </form>
</div>
`;
