// Jest Snapshot v1, https://goo.gl/fbAQLP

exports[`pruebas de componente GridItem debe hacer match con el snapshot 1`] = `
<div>
  <div
    class="card"
  >
    <img
      alt="This is a mock title"
      src="https://www.google.com/"
    />
    <p>
       
      This is a mock title
       
    </p>
  </div>
</div>
`;
