// Jest Snapshot v1, https://goo.gl/fbAQLP

exports[`Pruebas en FirstApp Debe hacer match con el snapshot 1`] = `
<div>
  <h1
    data-testid="test title"
  >
     
    Hola, soy Moises
     
  </h1>
  <p
    data-testid="test subtitle"
  >
     
    Subtitulo por defecto
     
  </p>
  <p>
     
    35
     years old 
  </p>
</div>
`;
