// Jest Snapshot v1, https://goo.gl/fbAQLP

exports[`Pruebas en FirstApp Debe hacer match con el snapshot 1`] = `
<div>
  <h1>
     
    Moises
     
  </h1>
  <p>
     
    Subtitulo por defecto
     
  </p>
  <p>
     
    35
     years old 
  </p>
</div>
`;
