// Jest Snapshot v1, https://goo.gl/fbAQLP

exports[`SearchPage tests should match the defaults values agains snapshot 1`] = `
<div>
  <h1>
     Search 
  </h1>
  <hr />
  <div
    class="row"
  >
    <div
      class="col-5"
    >
      <h4>
         Searching 
      </h4>
      <hr />
      <form
        aria-label="form"
      >
        <input
          autocomplete="off"
          class="form-control"
          name="searchText"
          placeholder="Search a Hero"
          type="text"
          value=""
        />
        <button
          class="btn btn-outline-primary mt-1"
        >
           Search 
        </button>
      </form>
    </div>
    <div
      class="col-7"
    >
      <h4>
         Results 
      </h4>
      <hr />
      <div
        aria-label="search-a-hero-msg"
        class="alert alert-primary animate__animated animate__fadeIn animate__fast"
      >
        Search a Hero
      </div>
      <div
        aria-label="no-hero-error-msg"
        class="alert alert-danger animate__animated animate__fadeIn animate__fast"
        style="display: none;"
      >
        There're not results with 
      </div>
    </div>
  </div>
</div>
`;
